Microchip MPLAB XC8 Compiler V1.35 ()

Linker command line:

--edf=C:\Program Files (x86)\Microchip\xc8\v1.35\dat\en_msgs.txt -cs \
  -h+dist/default/production\test.X.production.sym \
  --cmf=dist/default/production\test.X.production.cmf -z -Q18F25K22 \
  -oC:\Users\Aki\AppData\Local\Temp\s40c.2 \
  -Mdist/default/production/test.X.production.map -E1 -ver=XC8 \
  -ASTACK=04A4h-05ffh -pstack=STACK -ACODE=00h-07FFFh -ACONST=00h-07FFFh \
  -ASMALLCONST=0600h-06FFhx122 -AMEDIUMCONST=0600h-07FFFh -ACOMRAM=01h-05Fh \
  -AABS1=00h-05FFh -ABIGRAM=01h-05FFh -ARAM=060h-0FFh,0100h-01FFhx5 \
  -ABANK0=060h-0FFh -ABANK1=0100h-01FFh -ABANK2=0200h-02FFh \
  -ABANK3=0300h-03FFh -ABANK4=0400h-04FFh -ABANK5=0500h-05FFh \
  -ASFR=0F38h-0F5Fh,0F60h-0FFFh \
  -preset_vec=00h,intcode=08h,intcodelo,powerup,init,end_init \
  -pramtop=0600h -psmallconst=SMALLCONST -pmediumconst=MEDIUMCONST \
  -pconst=CONST -AFARRAM=00h-00h -ACONFIG=0300000h-030000Dh -pconfig=CONFIG \
  -AIDLOC=0200000h-0200007h -pidloc=IDLOC -AEEDATA=0F00000h-0F000FFh \
  -peeprom_data=EEDATA \
  -prdata=COMRAM,nvrram=COMRAM,nvbit=COMRAM,rbss=COMRAM,rbit=COMRAM \
  -pfarbss=FARRAM,fardata=FARRAM,nvFARRAM=FARRAM \
  -pintsave_regs=BIGRAM,bigbss=BIGRAM,bigdata=BIGRAM -pbss=RAM \
  -pidata=CODE,irdata=CODE,ibigdata=CODE,ifardata=CODE -prparam=COMRAM \
  C:\Users\Aki\AppData\Local\Temp\s40c.obj \
  dist/default/production\test.X.production.obj 

Object code version is 3.11

Machine type is 18F25K22

Call graph: (short form)




                Name                               Link     Load   Length Selector   Space Scale
C:\Users\Aki\AppData\Local\Temp\s40c.obj
                end_init                            56A      56A        4        4       0
                reset_vec                             0        0        4        0       0
                idloc                            200000   200000        8   200000       0
                config                           300000   300000        E   300000       0
dist/default/production\test.X.production.obj
                intcode                               8        8      562        4       0
                temp                                 45       45        1        1       1
                smallconst                          600      600        C      300       0
                text9                               E18      E18       84      60C       0
                text8                               F1E      F1E       70      60C       0
                text7                               E9C      E9C       82      60C       0
                text6                               F8E      F8E       42      60C       0
                text5                               FD0      FD0       26      60C       0
                text4                               A74      A74      140      60C       0
                text3                               CBA      CBA       C8      60C       0
                text1                               BB4      BB4      106      60C       0
                text0                               930      930      144      60C       0
                cstackCOMRAM                          1        1       2F        1       1
                cstackBANK0                          60       60        E       60       1
                dataBIGRAM                           72       72      324       72       1
                bssBIGRAM                           396      396      10E       72       1
                dataBANK0                            6E       6E        4       60       1
                dataCOMRAM                           3E       3E        7        1       1
                bssCOMRAM                            30       30        E        1       1
                cinit                               D82      D82       96      60C       0
                idataBANK0                          FFD      FFD        4      60C       0
                idataBIGRAM                         60C      60C      324      60C       0
                idataCOMRAM                         FF6      FF6        7      60C       0

TOTAL           Name                               Link     Load   Length     Space
        CLASS   STACK          

        CLASS   CODE           
                end_init                            56A      56A        4         0
                intcode                               8        8      562         0
                reset_vec                             0        0        4         0
                text9                               E18      E18       84         0
                text8                               F1E      F1E       70         0
                text7                               E9C      E9C       82         0
                text6                               F8E      F8E       42         0
                text5                               FD0      FD0       26         0
                text4                               A74      A74      140         0
                text3                               CBA      CBA       C8         0
                text1                               BB4      BB4      106         0
                text0                               930      930      144         0
                cinit                               D82      D82       96         0
                idataBANK0                          FFD      FFD        4         0
                idataBIGRAM                         60C      60C      324         0
                idataCOMRAM                         FF6      FF6        7         0

        CLASS   CONST          

        CLASS   SMALLCONST     
                smallconst                          600      600        C         0

        CLASS   MEDIUMCONST    

        CLASS   COMRAM         
                temp                                 45       45        1         1
                cstackCOMRAM                          1        1       2F         1
                dataCOMRAM                           3E       3E        7         1
                bssCOMRAM                            30       30        E         1

        CLASS   ABS1           

        CLASS   BIGRAM         
                dataBIGRAM                           72       72      324         1
                bssBIGRAM                           396      396      10E         1

        CLASS   RAM            

        CLASS   BANK0          
                cstackBANK0                          60       60        E         1
                dataBANK0                            6E       6E        4         1

        CLASS   BANK1          

        CLASS   BANK2          

        CLASS   BANK3          

        CLASS   BANK4          

        CLASS   BANK5          

        CLASS   SFR            

        CLASS   FARRAM         

        CLASS   CONFIG         
                config                           300000   300000        E         0

        CLASS   IDLOC          
                idloc                            200000   200000        8         0

        CLASS   EEDATA         



SEGMENTS        Name                           Load    Length   Top    Selector   Space  Class

                reset_vec                      000000  000004  000004         0       0  CODE    
                cstackCOMRAM                   000001  000045  000046         1       1  COMRAM  
                intcode                        000008  000566  00056E         4       0  CODE    
                cstackBANK0                    000060  000012  000072        60       1  BANK0   
                dataBIGRAM                     000072  000432  0004A4        72       1  BIGRAM  
                smallconst                     000600  00000C  00060C       300       0  SMALLCON
                idataBIGRAM                    00060C  0009F5  001001       60C       0  CODE    
                idloc                          200000  000008  200008    200000       0  IDLOC   
                config                         300000  00000E  30000E    300000       0  CONFIG  


UNUSED ADDRESS RANGES

        Name                Unused          Largest block    Delta
        BANK4            0004A4-0004FF               5C
        BANK5            000500-0005FF              100
        BIGRAM           000046-00005F               1A
                         0004A4-0005FF              15C
        CODE             000004-000007                4
                         00056E-0005FF               92
                         001001-007FFF             6FFF
        COMRAM           000046-00005F               1A
        CONST            000004-000007                4
                         00056E-0005FF               92
                         001001-007FFF             6FFF
        EEDATA           F00000-F000FF              100
        MEDIUMCONST      001001-007FFF             6FFF
        RAM              0004A4-0005FF               5C
        SFR              000F38-000FFF               28
        SMALLCONST       001001-007FFF              100
        STACK            0004A4-0005FF              15C

                                  Symbol Table

?___awdiv                   cstackCOMRAM 000001
?___awmod                   cstackCOMRAM 000009
?___lldiv                   cstackCOMRAM 000007
?___lwmod                   cstackCOMRAM 000001
?___wmul                    cstackCOMRAM 000001
_ANSELA                     (abs)        000F38
_ANSELB                     (abs)        000F39
_ANSELC                     (abs)        000F3A
_GIE                        (abs)        007F97
_LATA                       (abs)        000F89
_LATBbits                   (abs)        000F8A
_LATC                       (abs)        000F8B
_N                          smallconst   000601
_OSCCON                     (abs)        000FD3
_PEIE                       (abs)        007F96
_PORTA                      (abs)        000F80
_PORTB                      (abs)        000F81
_PORTBbits                  (abs)        000F81
_PORTC                      (abs)        000F82
_S                          smallconst   000609
_T1CON                      (abs)        000FCD
_T3CON                      (abs)        000FB1
_TMR1H                      (abs)        000FCF
_TMR1IE                     (abs)        007CE8
_TMR1IF                     (abs)        007CF0
_TMR1L                      (abs)        000FCE
_TMR3H                      (abs)        000FB3
_TMR3IE                     (abs)        007D01
_TMR3IF                     (abs)        007D09
_TMR3L                      (abs)        000FB2
_TRISA                      (abs)        000F92
_TRISB                      (abs)        000F93
_TRISC                      (abs)        000F94
_ThankYou                   dataBIGRAM   000072
_Youkoso                    dataBIGRAM   000180
__CFG_BOREN$NOSLP           (abs)        000000
__CFG_BORV$285              (abs)        000000
__CFG_FOSC$INTIO67          (abs)        000000
__CFG_HFOFST$OFF            (abs)        000000
__CFG_LVP$OFF               (abs)        000000
__CFG_MCLRE$INTMCLR         (abs)        000000
__CFG_PLLCFG$OFF            (abs)        000000
__CFG_PRICLKEN$OFF          (abs)        000000
__CFG_PWRTEN$ON             (abs)        000000
__CFG_WDTEN$OFF             (abs)        000000
__HRAM                      (abs)        000000
__Habs1                     abs1         000000
__Hbank0                    bank0        000000
__Hbank1                    bank1        000000
__Hbank2                    bank2        000000
__Hbank3                    bank3        000000
__Hbank4                    bank4        000000
__Hbank5                    bank5        000000
__Hbigbss                   bigbss       000000
__Hbigdata                  bigdata      000000
__Hbigram                   bigram       000000
__Hbss                      bss          000000
__HbssBIGRAM                bssBIGRAM    000000
__HbssCOMRAM                bssCOMRAM    000000
__Hcinit                    cinit        000000
__Hclrtext                  clrtext      000000
__Hcomram                   comram       000000
__Hconfig                   config       30000E
__Hconst                    const        000000
__HcstackBANK0              cstackBANK0  000000
__HcstackCOMRAM             cstackCOMRAM 000000
__Hdata                     data         000000
__HdataBANK0                dataBANK0    000000
__HdataBIGRAM               dataBIGRAM   000000
__HdataCOMRAM               dataCOMRAM   000000
__Heeprom_data              eeprom_data  000000
__Hend_init                 end_init     00056E
__Hfarbss                   farbss       000000
__Hfardata                  fardata      000000
__Hibigdata                 ibigdata     000000
__Hidata                    idata        000000
__HidataBANK0               idataBANK0   000000
__HidataBIGRAM              idataBIGRAM  000000
__HidataCOMRAM              idataCOMRAM  000000
__Hidloc                    idloc        200008
__Hifardata                 ifardata     000000
__Hinit                     init         00056A
__Hintcode                  intcode      00056A
__Hintcode_body             intcode_body 000000
__Hintcodelo                intcodelo    00056A
__Hintentry                 intentry     000000
__Hintret                   intret       000000
__Hintsave_regs             intsave_regs 000000
__Hirdata                   irdata       000000
__Hmediumconst              mediumconst  000000
__HnvFARRAM                 nvFARRAM     000000
__Hnvbit                    nvbit        000000
__Hnvrram                   nvrram       000000
__Hparam                    rparam       000000
__Hpowerup                  powerup      00056A
__Hram                      ram          000000
__Hramtop                   ramtop       000600
__Hrbit                     rbit         000000
__Hrbss                     rbss         000000
__Hrdata                    rdata        000000
__Hreset_vec                reset_vec    000004
__Hrparam                   rparam       000000
__Hsfr                      sfr          000000
__Hsmallconst               smallconst   00060C
__Hspace_0                  (abs)        30000E
__Hspace_1                  (abs)        0004A4
__Hspace_2                  (abs)        000000
__Hstack                    stack        000000
__Hstruct                   struct       000000
__Htemp                     temp         000046
__Htext                     text         000000
__Htext0                    text0        000000
__Htext1                    text1        000000
__Htext3                    text3        000000
__Htext4                    text4        000000
__Htext5                    text5        000000
__Htext6                    text6        000000
__Htext7                    text7        000000
__Htext8                    text8        000000
__Htext9                    text9        000000
__LRAM                      (abs)        000001
__Labs1                     abs1         000000
__Lbank0                    bank0        000000
__Lbank1                    bank1        000000
__Lbank2                    bank2        000000
__Lbank3                    bank3        000000
__Lbank4                    bank4        000000
__Lbank5                    bank5        000000
__Lbigbss                   bigbss       000000
__Lbigdata                  bigdata      000000
__Lbigram                   bigram       000000
__Lbss                      bss          000000
__LbssBIGRAM                bssBIGRAM    000000
__LbssCOMRAM                bssCOMRAM    000000
__Lcinit                    cinit        000000
__Lclrtext                  clrtext      000000
__Lcomram                   comram       000000
__Lconfig                   config       300000
__Lconst                    const        000000
__LcstackBANK0              cstackBANK0  000000
__LcstackCOMRAM             cstackCOMRAM 000000
__Ldata                     data         000000
__LdataBANK0                dataBANK0    000000
__LdataBIGRAM               dataBIGRAM   000000
__LdataCOMRAM               dataCOMRAM   000000
__Leeprom_data              eeprom_data  000000
__Lend_init                 end_init     00056A
__Lfarbss                   farbss       000000
__Lfardata                  fardata      000000
__Libigdata                 ibigdata     000000
__Lidata                    idata        000000
__LidataBANK0               idataBANK0   000000
__LidataBIGRAM              idataBIGRAM  000000
__LidataCOMRAM              idataCOMRAM  000000
__Lidloc                    idloc        200000
__Lifardata                 ifardata     000000
__Linit                     init         00056A
__Lintcode                  intcode      000008
__Lintcode_body             intcode_body 000000
__Lintcodelo                intcodelo    00056A
__Lintentry                 intentry     000000
__Lintret                   intret       000000
__Lintsave_regs             intsave_regs 000000
__Lirdata                   irdata       000000
__Lmediumconst              mediumconst  000000
__LnvFARRAM                 nvFARRAM     000000
__Lnvbit                    nvbit        000000
__Lnvrram                   nvrram       000000
__Lparam                    rparam       000000
__Lpowerup                  powerup      00056A
__Lram                      ram          000000
__Lramtop                   ramtop       000600
__Lrbit                     rbit         000000
__Lrbss                     rbss         000000
__Lrdata                    rdata        000000
__Lreset_vec                reset_vec    000000
__Lrparam                   rparam       000000
__Lsfr                      sfr          000000
__Lsmallconst               smallconst   000600
__Lspace_0                  (abs)        000000
__Lspace_1                  (abs)        000000
__Lspace_2                  (abs)        000000
__Lstack                    stack        000000
__Lstruct                   struct       000000
__Ltemp                     temp         000045
__Ltext                     text         000000
__Ltext0                    text0        000000
__Ltext1                    text1        000000
__Ltext3                    text3        000000
__Ltext4                    text4        000000
__Ltext5                    text5        000000
__Ltext6                    text6        000000
__Ltext7                    text7        000000
__Ltext8                    text8        000000
__Ltext9                    text9        000000
__S0                        (abs)        30000E
__S1                        (abs)        0004A4
__S2                        (abs)        000000
___awdiv                    text9        000E18
___awdiv@counter            cstackCOMRAM 000005
___awdiv@dividend           cstackCOMRAM 000001
___awdiv@divisor            cstackCOMRAM 000003
___awdiv@quotient           cstackCOMRAM 000007
___awdiv@sign               cstackCOMRAM 000006
___awmod                    text8        000F1E
___awmod@counter            cstackCOMRAM 00000D
___awmod@dividend           cstackCOMRAM 000009
___awmod@divisor            cstackCOMRAM 00000B
___awmod@sign               cstackCOMRAM 00000E
___inthi_sp                 stack        000000
___intlo_sp                 stack        000000
___lldiv                    text7        000E9C
___lldiv@counter            cstackCOMRAM 000013
___lldiv@dividend           cstackCOMRAM 000007
___lldiv@divisor            cstackCOMRAM 00000B
___lldiv@quotient           cstackCOMRAM 00000F
___lwmod                    text6        000F8E
___lwmod@counter            cstackCOMRAM 000005
___lwmod@dividend           cstackCOMRAM 000001
___lwmod@divisor            cstackCOMRAM 000003
___param_bank               (abs)        000010
___rparam_used              (abs)        000001
___sp                       stack        000000
___wmul                     text5        000FD0
___wmul@multiplicand        cstackCOMRAM 000003
___wmul@multiplier          cstackCOMRAM 000001
___wmul@product             cstackCOMRAM 000005
__accesstop                 (abs)        000060
__activetblptr              (abs)        000001
__end_of_N                  smallconst   000605
__end_of_S                  smallconst   00060B
__end_of___awdiv            text9        000E9C
__end_of___awmod            text8        000F8E
__end_of___lldiv            text7        000F1E
__end_of___lwmod            text6        000FD0
__end_of___wmul             text5        000FF6
__end_of__initialization    cinit        000E06
__end_of_get_color          text4        000BB4
__end_of_light              text1        000CBA
__end_of_main               text0        000A74
__end_of_time_control_count smallconst   000609
__end_of_timer              intcode      00056A
__end_ofi2_light            text3        000D82
__initialization            cinit        000D82
__mediumconst               mediumconst  000000
__pbssBIGRAM                bssBIGRAM    000396
__pbssCOMRAM                bssCOMRAM    000030
__pcinit                    cinit        000D82
__pcstackBANK0              cstackBANK0  000060
__pcstackCOMRAM             cstackCOMRAM 000001
__pdataBANK0                dataBANK0    00006E
__pdataBIGRAM               dataBIGRAM   000072
__pdataCOMRAM               dataCOMRAM   00003E
__pidataBANK0               idataBANK0   000FFD
__pidataBIGRAM              idataBIGRAM  00060C
__pidataCOMRAM              idataCOMRAM  000FF6
__pintcode                  intcode      000008
__psmallconst               smallconst   000600
__ptext0                    text0        000930
__ptext1                    text1        000BB4
__ptext3                    text3        000CBA
__ptext4                    text4        000A74
__ptext5                    text5        000FD0
__ptext6                    text6        000F8E
__ptext7                    text7        000E9C
__ptext8                    text8        000F1E
__ptext9                    text9        000E18
__ramtop                    ramtop       000600
__size_of___awdiv           (abs)        000000
__size_of___awmod           (abs)        000000
__size_of___lldiv           (abs)        000000
__size_of___lwmod           (abs)        000000
__size_of___wmul            (abs)        000000
__size_of_get_color         (abs)        000000
__size_of_light             (abs)        000000
__size_of_main              (abs)        000000
__size_of_timer             (abs)        000000
__size_ofi2_light           (abs)        000000
__smallconst                smallconst   000600
_co                         bssCOMRAM    000038
_color_count                bssCOMRAM    000034
_count                      bssCOMRAM    000036
_eight_count                bssCOMRAM    000039
_get_color                  text4        000A74
_letter_start               bssCOMRAM    00003A
_light                      text1        000BB4
_light_interval             dataBANK0    00006E
_light_point                bssCOMRAM    000030
_main                       text0        000930
_min                        bssCOMRAM    00003B
_number_font                dataBIGRAM   00028E
_numlist                    dataCOMRAM   00003E
_screen                     bssBIGRAM    000396
_sec                        bssCOMRAM    00003C
_time_control_count         smallconst   000605
_time_count                 dataCOMRAM   000043
_timer                      intcode      000008
btemp                       temp         000045
end_of_initialization       cinit        000E06
get_color@x                 cstackCOMRAM 000001
i2_light                    text3        000CBA
i2light@c                   cstackCOMRAM 000013
i2light@h                   cstackCOMRAM 00000F
i2light@l                   cstackCOMRAM 000010
int$flags                   temp         000045
intlevel0                   text         000000
intlevel1                   text         000000
intlevel2                   text         000000
intlevel3                   text         000000
light@c                     cstackBANK0  000064
light@h                     cstackBANK0  000060
light@l                     cstackBANK0  000061
main@prev                   cstackBANK0  00006D
stackhi                     (abs)        0005FF
stacklo                     (abs)        0004A4
start                       init         00056A
start_initialization        cinit        000D82
timer@i                     cstackCOMRAM 00002C
timer@j                     cstackCOMRAM 00002E


FUNCTION INFORMATION:

 *************** function _main *****************
 Defined at:
		line 363 in file "light0.c"
 Parameters:    Size  Location     Type
		None
 Auto vars:     Size  Location     Type
  prev            1   13[BANK0 ] unsigned char 
 Return value:  Size  Location     Type
		None               void
 Registers used:
		wreg, status,2, status,0, tblptrl, tblptrh, tblptru, cstack
 Tracked objects:
		On entry : 
		On exit  : 
		Unchanged: 
 Data sizes:     COMRAM   BANK0   BANK1   BANK2   BANK3   BANK4   BANK5
      Params:         0       0       0       0       0       0       0
      Locals:         0       1       0       0       0       0       0
      Temps:          0       8       0       0       0       0       0
      Totals:         0       9       0       0       0       0       0
Total ram usage:        9 bytes
 Hardware stack levels required when called:    3
 This function calls:
		_light
 This function is called by:
		Startup code after reset
 This function uses a non-reentrant model


 *************** function _light *****************
 Defined at:
		line 345 in file "light0.c"
 Parameters:    Size  Location     Type
  c               1    wreg     unsigned char 
  h               1    0[BANK0 ] unsigned char 
  l               2    1[BANK0 ] unsigned int 
 Auto vars:     Size  Location     Type
  c               1    4[BANK0 ] unsigned char 
 Return value:  Size  Location     Type
		None               void
 Registers used:
		wreg, status,2, status,0
 Tracked objects:
		On entry : 
		On exit  : 
		Unchanged: 
 Data sizes:     COMRAM   BANK0   BANK1   BANK2   BANK3   BANK4   BANK5
      Params:         0       3       0       0       0       0       0
      Locals:         0       1       0       0       0       0       0
      Temps:          0       1       0       0       0       0       0
      Totals:         0       5       0       0       0       0       0
Total ram usage:        5 bytes
 Hardware stack levels used:    1
 Hardware stack levels required when called:    2
 This function calls:
		Nothing
 This function is called by:
		_main
 This function uses a non-reentrant model


 *************** function _timer *****************
 Defined at:
		line 440 in file "light0.c"
 Parameters:    Size  Location     Type
		None
 Auto vars:     Size  Location     Type
  j               2   45[COMRAM] int 
  i               2   43[COMRAM] int 
 Return value:  Size  Location     Type
		None               void
 Registers used:
		wreg, fsr1l, fsr1h, fsr2l, fsr2h, status,2, status,0, tblptrl, tblptrh, tblptru, prodl, prodh, cstack
 Tracked objects:
		On entry : 
		On exit  : 
		Unchanged: 
 Data sizes:     COMRAM   BANK0   BANK1   BANK2   BANK3   BANK4   BANK5
      Params:         0       0       0       0       0       0       0
      Locals:         4       0       0       0       0       0       0
      Temps:         24       0       0       0       0       0       0
      Totals:        28       0       0       0       0       0       0
Total ram usage:       28 bytes
 Hardware stack levels used:    1
 Hardware stack levels required when called:    1
 This function calls:
		___awdiv
		___awmod
		___lldiv
		___lwmod
		___wmul
		_get_color
		i2_light
 This function is called by:
		Interrupt level 2
 This function uses a non-reentrant model


 *************** function i2_light *****************
 Defined at:
		line 345 in file "light0.c"
 Parameters:    Size  Location     Type
  c               1    wreg     unsigned char 
  h               1   14[COMRAM] unsigned char 
  l               2   15[COMRAM] unsigned int 
 Auto vars:     Size  Location     Type
  c               1   18[COMRAM] unsigned char 
 Return value:  Size  Location     Type
		None               void
 Registers used:
		wreg, status,2, status,0
 Tracked objects:
		On entry : 
		On exit  : 
		Unchanged: 
 Data sizes:     COMRAM   BANK0   BANK1   BANK2   BANK3   BANK4   BANK5
      Params:         3       0       0       0       0       0       0
      Locals:         1       0       0       0       0       0       0
      Temps:          1       0       0       0       0       0       0
      Totals:         5       0       0       0       0       0       0
Total ram usage:        5 bytes
 Hardware stack levels used:    1
 This function calls:
		Nothing
 This function is called by:
		_timer
 This function uses a non-reentrant model


 *************** function _get_color *****************
 Defined at:
		line 411 in file "light0.c"
 Parameters:    Size  Location     Type
  x               4    0[COMRAM] unsigned long 
 Auto vars:     Size  Location     Type
		None
 Return value:  Size  Location     Type
                  1    wreg      unsigned char 
 Registers used:
		wreg, status,2, status,0
 Tracked objects:
		On entry : 
		On exit  : 
		Unchanged: 
 Data sizes:     COMRAM   BANK0   BANK1   BANK2   BANK3   BANK4   BANK5
      Params:         4       0       0       0       0       0       0
      Locals:         0       0       0       0       0       0       0
      Temps:          0       0       0       0       0       0       0
      Totals:         4       0       0       0       0       0       0
Total ram usage:        4 bytes
 Hardware stack levels used:    1
 This function calls:
		Nothing
 This function is called by:
		_timer
 This function uses a non-reentrant model


 *************** function ___wmul *****************
 Defined at:
		line 15 in file "C:\Program Files (x86)\Microchip\xc8\v1.35\sources\common\Umul16.c"
 Parameters:    Size  Location     Type
  multiplier      2    0[COMRAM] unsigned int 
  multiplicand    2    2[COMRAM] unsigned int 
 Auto vars:     Size  Location     Type
  product         2    4[COMRAM] unsigned int 
 Return value:  Size  Location     Type
                  2    0[COMRAM] unsigned int 
 Registers used:
		wreg, status,2, status,0, prodl, prodh
 Tracked objects:
		On entry : 
		On exit  : 
		Unchanged: 
 Data sizes:     COMRAM   BANK0   BANK1   BANK2   BANK3   BANK4   BANK5
      Params:         4       0       0       0       0       0       0
      Locals:         2       0       0       0       0       0       0
      Temps:          0       0       0       0       0       0       0
      Totals:         6       0       0       0       0       0       0
Total ram usage:        6 bytes
 Hardware stack levels used:    1
 This function calls:
		Nothing
 This function is called by:
		_timer
 This function uses a non-reentrant model


 *************** function ___lwmod *****************
 Defined at:
		line 8 in file "C:\Program Files (x86)\Microchip\xc8\v1.35\sources\common\lwmod.c"
 Parameters:    Size  Location     Type
  dividend        2    0[COMRAM] unsigned int 
  divisor         2    2[COMRAM] unsigned int 
 Auto vars:     Size  Location     Type
  counter         1    4[COMRAM] unsigned char 
 Return value:  Size  Location     Type
                  2    0[COMRAM] unsigned int 
 Registers used:
		wreg, status,2, status,0
 Tracked objects:
		On entry : 
		On exit  : 
		Unchanged: 
 Data sizes:     COMRAM   BANK0   BANK1   BANK2   BANK3   BANK4   BANK5
      Params:         4       0       0       0       0       0       0
      Locals:         1       0       0       0       0       0       0
      Temps:          0       0       0       0       0       0       0
      Totals:         5       0       0       0       0       0       0
Total ram usage:        5 bytes
 Hardware stack levels used:    1
 This function calls:
		Nothing
 This function is called by:
		_timer
 This function uses a non-reentrant model


 *************** function ___lldiv *****************
 Defined at:
		line 8 in file "C:\Program Files (x86)\Microchip\xc8\v1.35\sources\common\lldiv.c"
 Parameters:    Size  Location     Type
  dividend        4    6[COMRAM] unsigned long 
  divisor         4   10[COMRAM] unsigned long 
 Auto vars:     Size  Location     Type
  quotient        4   14[COMRAM] unsigned long 
  counter         1   18[COMRAM] unsigned char 
 Return value:  Size  Location     Type
                  4    6[COMRAM] unsigned long 
 Registers used:
		wreg, status,2, status,0
 Tracked objects:
		On entry : 
		On exit  : 
		Unchanged: 
 Data sizes:     COMRAM   BANK0   BANK1   BANK2   BANK3   BANK4   BANK5
      Params:         8       0       0       0       0       0       0
      Locals:         5       0       0       0       0       0       0
      Temps:          0       0       0       0       0       0       0
      Totals:        13       0       0       0       0       0       0
Total ram usage:       13 bytes
 Hardware stack levels used:    1
 This function calls:
		Nothing
 This function is called by:
		_timer
 This function uses a non-reentrant model


 *************** function ___awmod *****************
 Defined at:
		line 8 in file "C:\Program Files (x86)\Microchip\xc8\v1.35\sources\common\awmod.c"
 Parameters:    Size  Location     Type
  dividend        2    8[COMRAM] int 
  divisor         2   10[COMRAM] int 
 Auto vars:     Size  Location     Type
  sign            1   13[COMRAM] unsigned char 
  counter         1   12[COMRAM] unsigned char 
 Return value:  Size  Location     Type
                  2    8[COMRAM] int 
 Registers used:
		wreg, status,2, status,0
 Tracked objects:
		On entry : 
		On exit  : 
		Unchanged: 
 Data sizes:     COMRAM   BANK0   BANK1   BANK2   BANK3   BANK4   BANK5
      Params:         4       0       0       0       0       0       0
      Locals:         2       0       0       0       0       0       0
      Temps:          0       0       0       0       0       0       0
      Totals:         6       0       0       0       0       0       0
Total ram usage:        6 bytes
 Hardware stack levels used:    1
 This function calls:
		Nothing
 This function is called by:
		_timer
 This function uses a non-reentrant model


 *************** function ___awdiv *****************
 Defined at:
		line 8 in file "C:\Program Files (x86)\Microchip\xc8\v1.35\sources\common\awdiv.c"
 Parameters:    Size  Location     Type
  dividend        2    0[COMRAM] int 
  divisor         2    2[COMRAM] int 
 Auto vars:     Size  Location     Type
  quotient        2    6[COMRAM] int 
  sign            1    5[COMRAM] unsigned char 
  counter         1    4[COMRAM] unsigned char 
 Return value:  Size  Location     Type
                  2    0[COMRAM] int 
 Registers used:
		wreg, status,2, status,0
 Tracked objects:
		On entry : 
		On exit  : 
		Unchanged: 
 Data sizes:     COMRAM   BANK0   BANK1   BANK2   BANK3   BANK4   BANK5
      Params:         4       0       0       0       0       0       0
      Locals:         4       0       0       0       0       0       0
      Temps:          0       0       0       0       0       0       0
      Totals:         8       0       0       0       0       0       0
Total ram usage:        8 bytes
 Hardware stack levels used:    1
 This function calls:
		Nothing
 This function is called by:
		_timer
 This function uses a non-reentrant model



MODULE INFORMATION

Module		Function		Class		Link	Load	Size
C:\Program Files (x86)\Microchip\xc8\v1.35\sources\common\awdiv.c
		___awdiv       		CODE           	0E18	0000	133

C:\Program Files (x86)\Microchip\xc8\v1.35\sources\common\awdiv.c estimated size: 133

light0.c
		_get_color     		CODE           	0A74	0000	321
		_main          		CODE           	0930	0000	325
		_timer         		CODE           	0008	0000	1379
		_light         		CODE           	0BB4	0000	263

light0.c estimated size: 2288

C:\Program Files (x86)\Microchip\xc8\v1.35\sources\common\lwmod.c
		___lwmod       		CODE           	0F8E	0000	67

C:\Program Files (x86)\Microchip\xc8\v1.35\sources\common\lwmod.c estimated size: 67

shared
		__initialization		CODE           	0D82	0000	133
		_time_control_count		SMALLCONST     	0605	0000	5
		i2_light       		CODE           	0CBA	0000	201
		_N             		SMALLCONST     	0601	0000	5
		_S             		SMALLCONST     	0609	0000	3

shared estimated size: 347

C:\Program Files (x86)\Microchip\xc8\v1.35\sources\common\awmod.c
		___awmod       		CODE           	0F1E	0000	113

C:\Program Files (x86)\Microchip\xc8\v1.35\sources\common\awmod.c estimated size: 113

C:\Program Files (x86)\Microchip\xc8\v1.35\sources\common\Umul16.c
		___wmul        		CODE           	0FD0	0000	39

C:\Program Files (x86)\Microchip\xc8\v1.35\sources\common\Umul16.c estimated size: 39

C:\Program Files (x86)\Microchip\xc8\v1.35\sources\common\lldiv.c
		___lldiv       		CODE           	0E9C	0000	131

C:\Program Files (x86)\Microchip\xc8\v1.35\sources\common\lldiv.c estimated size: 131

