Microchip MPLAB XC8 Compiler V1.35 ()

Linker command line:

--edf=C:\Program Files (x86)\Microchip\xc8\v1.35\dat\en_msgs.txt -cs \
  -h+dist/default/debug\test.X.debug.sym \
  --cmf=dist/default/debug\test.X.debug.cmf -z -Q18F25K22 \
  -oC:\Users\Aki\AppData\Local\Temp\s354.2 \
  -Mdist/default/debug/test.X.debug.map -E1 -ver=XC8 -ASTACK=060h-05ffh \
  -pstack=STACK -ACODE=00h-07FFFh -ACONST=00h-07FFFh \
  -ASMALLCONST=0600h-06FFhx122 -AMEDIUMCONST=0600h-07FFFh -ACOMRAM=01h-05Fh \
  -AABS1=00h-05FFh -ABIGRAM=01h-05FFh -ARAM=060h-0FFh,0100h-01FFhx5 \
  -ABANK0=060h-0FFh -ABANK1=0100h-01FFh -ABANK2=0200h-02FFh \
  -ABANK3=0300h-03FFh -ABANK4=0400h-04FFh -ABANK5=0500h-05FFh \
  -ASFR=0F38h-0F5Fh,0F60h-0FFCh \
  -preset_vec=00h,intcode,intcodelo,powerup,init,end_init -pramtop=0600h \
  -psmallconst=SMALLCONST -pmediumconst=MEDIUMCONST -pconst=CONST \
  -AFARRAM=00h-00h -ACONFIG=0300000h-030000Dh -pconfig=CONFIG \
  -AIDLOC=0200000h-0200007h -pidloc=IDLOC -AEEDATA=0F00000h-0F000FFh \
  -peeprom_data=EEDATA \
  -prdata=COMRAM,nvrram=COMRAM,nvbit=COMRAM,rbss=COMRAM,rbit=COMRAM \
  -pfarbss=FARRAM,fardata=FARRAM,nvFARRAM=FARRAM \
  -pintsave_regs=BIGRAM,bigbss=BIGRAM,bigdata=BIGRAM -pbss=RAM \
  -pidata=CODE,irdata=CODE,ibigdata=CODE,ifardata=CODE -prparam=COMRAM \
  C:\Users\Aki\AppData\Local\Temp\s354.obj \
  dist/default/debug\test.X.debug.obj 

Object code version is 3.11

Machine type is 18F25K22

Call graph: (short form)




                Name                               Link     Load   Length Selector   Space Scale
C:\Users\Aki\AppData\Local\Temp\s354.obj
                end_init                              2        2        4        0       0
                reset_vec                             0        0        2        0       0
                idloc                            200000   200000        8   200000       0
                config                           300000   300000        E   300000       0
dist/default/debug\test.X.debug.obj
                text1                              7F4E     7F4E       22     3FA7       0
                text0                              7F70     7F70       90     3FB8       0
                cstackCOMRAM                          1        1        A        1       1
                cinit                              7F48     7F48        6     3FA4       0

TOTAL           Name                               Link     Load   Length     Space
        CLASS   STACK          

        CLASS   CODE           
                end_init                              2        2        4         0
                reset_vec                             0        0        2         0
                text1                              7F4E     7F4E       22         0
                text0                              7F70     7F70       90         0
                cinit                              7F48     7F48        6         0

        CLASS   CONST          

        CLASS   SMALLCONST     

        CLASS   MEDIUMCONST    

        CLASS   COMRAM         
                cstackCOMRAM                          1        1        A         1

        CLASS   ABS1           

        CLASS   BIGRAM         

        CLASS   RAM            

        CLASS   BANK0          

        CLASS   BANK1          

        CLASS   BANK2          

        CLASS   BANK3          

        CLASS   BANK4          

        CLASS   BANK5          

        CLASS   SFR            

        CLASS   FARRAM         

        CLASS   CONFIG         
                config                           300000   300000        E         0

        CLASS   IDLOC          
                idloc                            200000   200000        8         0

        CLASS   EEDATA         



SEGMENTS        Name                           Load    Length   Top    Selector   Space  Class

                reset_vec                      000000  000006  000006         0       0  CODE    
                cstackCOMRAM                   000001  00000A  00000B         1       1  COMRAM  
                cinit                          007F48  000006  007F4E      3FA4       0  CODE    
                text1                          007F4E  000022  007F70      3FA7       0  CODE    
                text0                          007F70  000090  008000      3FB8       0  CODE    
                idloc                          200000  000008  200008    200000       0  IDLOC   
                config                         300000  00000E  30000E    300000       0  CONFIG  


UNUSED ADDRESS RANGES

        Name                Unused          Largest block    Delta
        BANK0            000060-0000FF               A0
        BANK1            000100-0001FF              100
        BANK2            000200-0002FF              100
        BANK3            000300-0003FF              100
        BANK4            000400-0004FF              100
        BANK5            000500-0005FF              100
        BIGRAM           00000B-0005FF              5F5
        CODE             000006-007F47             7F42
        COMRAM           00000B-00005F               55
        CONST            000006-007F47             7F42
        EEDATA           F00000-F000FF              100
        MEDIUMCONST      000600-007F47             7948
        RAM              000060-0005FF              100
        SFR              000F38-000FFC               28
        SMALLCONST       000600-007F47              100
        STACK            000060-0005FF              5A0

                                  Symbol Table

?_adconv                 cstackCOMRAM 000001
_ADCON0                  (abs)        000FC2
_ADCON1                  (abs)        000FC1
_ADCON2                  (abs)        000FC0
_ADRESH                  (abs)        000FC4
_ADRESL                  (abs)        000FC3
_ANSELA                  (abs)        000F38
_ANSELB                  (abs)        000F39
_ANSELC                  (abs)        000F3A
_CCP4CON                 (abs)        000F57
_CCPR4H                  (abs)        000F59
_CCPR4L                  (abs)        000F58
_CCPTMRS1                (abs)        000F48
_GO_nDONE                (abs)        007E11
_OSCCON                  (abs)        000FD3
_PORTA                   (abs)        000F80
_PORTB                   (abs)        000F81
_PORTC                   (abs)        000F82
_PR2                     (abs)        000FBB
_T2CON                   (abs)        000FBA
_TMR2                    (abs)        000FBC
_TMR2ON                  (abs)        007DD2
_TRISA                   (abs)        000F92
_TRISB                   (abs)        000F93
_TRISC                   (abs)        000F94
__CFG_BOREN$NOSLP        (abs)        000000
__CFG_BORV$285           (abs)        000000
__CFG_FOSC$INTIO67       (abs)        000000
__CFG_HFOFST$OFF         (abs)        000000
__CFG_LVP$OFF            (abs)        000000
__CFG_MCLRE$INTMCLR      (abs)        000000
__CFG_PLLCFG$OFF         (abs)        000000
__CFG_PRICLKEN$OFF       (abs)        000000
__CFG_PWRTEN$ON          (abs)        000000
__CFG_WDTEN$OFF          (abs)        000000
__HRAM                   (abs)        000000
__Habs1                  abs1         000000
__Hbank0                 bank0        000000
__Hbank1                 bank1        000000
__Hbank2                 bank2        000000
__Hbank3                 bank3        000000
__Hbank4                 bank4        000000
__Hbank5                 bank5        000000
__Hbigbss                bigbss       000000
__Hbigdata               bigdata      000000
__Hbigram                bigram       000000
__Hbss                   bss          000000
__Hcinit                 cinit        000000
__Hclrtext               clrtext      000000
__Hcomram                comram       000000
__Hconfig                config       30000E
__Hconst                 const        000000
__HcstackCOMRAM          cstackCOMRAM 000000
__Hdata                  data         000000
__Heeprom_data           eeprom_data  000000
__Hend_init              end_init     000006
__Hfarbss                farbss       000000
__Hfardata               fardata      000000
__Hibigdata              ibigdata     000000
__Hidata                 idata        000000
__Hidloc                 idloc        200008
__Hifardata              ifardata     000000
__Hinit                  init         000002
__Hintcode               intcode      000002
__Hintcode_body          intcode_body 000000
__Hintcodelo             intcodelo    000002
__Hintentry              intentry     000000
__Hintret                intret       000000
__Hintsave_regs          intsave_regs 000000
__Hirdata                irdata       000000
__Hmediumconst           mediumconst  000000
__HnvFARRAM              nvFARRAM     000000
__Hnvbit                 nvbit        000000
__Hnvrram                nvrram       000000
__Hparam                 rparam       000000
__Hpowerup               powerup      000002
__Hram                   ram          000000
__Hramtop                ramtop       000600
__Hrbit                  rbit         000000
__Hrbss                  rbss         000000
__Hrdata                 rdata        000000
__Hreset_vec             reset_vec    000002
__Hrparam                rparam       000000
__Hsfr                   sfr          000000
__Hsmallconst            smallconst   000000
__Hspace_0               (abs)        30000E
__Hspace_1               (abs)        00000B
__Hspace_2               (abs)        000000
__Hstack                 stack        000000
__Hstruct                struct       000000
__Htemp                  temp         000000
__Htext                  text         000000
__Htext0                 text0        000000
__Htext1                 text1        000000
__LRAM                   (abs)        000001
__Labs1                  abs1         000000
__Lbank0                 bank0        000000
__Lbank1                 bank1        000000
__Lbank2                 bank2        000000
__Lbank3                 bank3        000000
__Lbank4                 bank4        000000
__Lbank5                 bank5        000000
__Lbigbss                bigbss       000000
__Lbigdata               bigdata      000000
__Lbigram                bigram       000000
__Lbss                   bss          000000
__Lcinit                 cinit        000000
__Lclrtext               clrtext      000000
__Lcomram                comram       000000
__Lconfig                config       300000
__Lconst                 const        000000
__LcstackCOMRAM          cstackCOMRAM 000000
__Ldata                  data         000000
__Leeprom_data           eeprom_data  000000
__Lend_init              end_init     000002
__Lfarbss                farbss       000000
__Lfardata               fardata      000000
__Libigdata              ibigdata     000000
__Lidata                 idata        000000
__Lidloc                 idloc        200000
__Lifardata              ifardata     000000
__Linit                  init         000002
__Lintcode               intcode      000002
__Lintcode_body          intcode_body 000000
__Lintcodelo             intcodelo    000002
__Lintentry              intentry     000000
__Lintret                intret       000000
__Lintsave_regs          intsave_regs 000000
__Lirdata                irdata       000000
__Lmediumconst           mediumconst  000000
__LnvFARRAM              nvFARRAM     000000
__Lnvbit                 nvbit        000000
__Lnvrram                nvrram       000000
__Lparam                 rparam       000000
__Lpowerup               powerup      000002
__Lram                   ram          000000
__Lramtop                ramtop       000600
__Lrbit                  rbit         000000
__Lrbss                  rbss         000000
__Lrdata                 rdata        000000
__Lreset_vec             reset_vec    000000
__Lrparam                rparam       000000
__Lsfr                   sfr          000000
__Lsmallconst            smallconst   000000
__Lspace_0               (abs)        000000
__Lspace_1               (abs)        000000
__Lspace_2               (abs)        000000
__Lstack                 stack        000000
__Lstruct                struct       000000
__Ltemp                  temp         000000
__Ltext                  text         000000
__Ltext0                 text0        000000
__Ltext1                 text1        000000
__S0                     (abs)        30000E
__S1                     (abs)        00000B
__S2                     (abs)        000000
___inthi_sp              stack        000000
___intlo_sp              stack        000000
___param_bank            (abs)        000010
___rparam_used           (abs)        000001
___sp                    stack        000000
__accesstop              (abs)        000060
__activetblptr           (abs)        000000
__end_of__initialization cinit        007F48
__end_of_adconv          text1        007F70
__end_of_main            text0        008000
__initialization         cinit        007F48
__mediumconst            mediumconst  000000
__pcinit                 cinit        007F48
__pcstackCOMRAM          cstackCOMRAM 000001
__ptext0                 text0        007F70
__ptext1                 text1        007F4E
__ramtop                 ramtop       000600
__size_of_adconv         (abs)        000000
__size_of_main           (abs)        000000
__smallconst             smallconst   000000
_adconv                  text1        007F4E
_main                    text0        007F70
adconv@temp              cstackCOMRAM 000005
end_of_initialization    cinit        007F48
intlevel0                text         000000
intlevel1                text         000000
intlevel2                text         000000
intlevel3                text         000000
main@num                 cstackCOMRAM 000009
stackhi                  (abs)        0005FF
stacklo                  (abs)        000060
start                    init         000002
start_initialization     cinit        007F48


FUNCTION INFORMATION:

 *************** function _main *****************
 Defined at:
		line 35 in file "newmain.c"
 Parameters:    Size  Location     Type
		None
 Auto vars:     Size  Location     Type
  num             2    8[COMRAM] unsigned int 
 Return value:  Size  Location     Type
		None               void
 Registers used:
		wreg, status,2, status,0, cstack
 Tracked objects:
		On entry : 
		On exit  : 
		Unchanged: 
 Data sizes:     COMRAM   BANK0   BANK1   BANK2   BANK3   BANK4   BANK5
      Params:         0       0       0       0       0       0       0
      Locals:         2       0       0       0       0       0       0
      Temps:          2       0       0       0       0       0       0
      Totals:         4       0       0       0       0       0       0
Total ram usage:        4 bytes
 Hardware stack levels required when called:    1
 This function calls:
		_adconv
 This function is called by:
		Startup code after reset
 This function uses a non-reentrant model


 *************** function _adconv *****************
 Defined at:
		line 23 in file "newmain.c"
 Parameters:    Size  Location     Type
		None
 Auto vars:     Size  Location     Type
  temp            2    4[COMRAM] unsigned int 
 Return value:  Size  Location     Type
                  2    0[COMRAM] unsigned int 
 Registers used:
		wreg, status,2
 Tracked objects:
		On entry : 
		On exit  : 
		Unchanged: 
 Data sizes:     COMRAM   BANK0   BANK1   BANK2   BANK3   BANK4   BANK5
      Params:         2       0       0       0       0       0       0
      Locals:         2       0       0       0       0       0       0
      Temps:          2       0       0       0       0       0       0
      Totals:         6       0       0       0       0       0       0
Total ram usage:        6 bytes
 Hardware stack levels used:    1
 This function calls:
		Nothing
 This function is called by:
		_main
 This function uses a non-reentrant model



MODULE INFORMATION

Module		Function		Class		Link	Load	Size
newmain.c
		_main          		CODE           	7F70	0000	145
		_adconv        		CODE           	7F4E	0000	35

newmain.c estimated size: 180

shared
		__initialization		CODE           	7F48	0000	1

shared estimated size: 1

